// Jest Snapshot v1, https://goo.gl/fbAQLP

exports[`SubmitFieldView render 1`] = `
<input
  data-testid="1234"
  onClick={[Function]}
  type="submit"
  value="value"
/>
`;
