// Jest Snapshot v1, https://goo.gl/fbAQLP

exports[`form works 1`] = `
"{
    forms_by_pk(id: \\"test\\") {
      data,
      id
    }
  }"
`;
